src/app/apps/page.tsx(237,41): error TS2353: Object literal may only specify known properties, and 'i' does not exist in type 'readonly LayoutItem[]'.
src/app/apps/page.tsx(252,53): error TS2339: Property 'i' does not exist on type 'Layout'.
