src/server.ts(2837,37): error TS2345: Argument of type 'string | string[] | undefined' is not assignable to parameter of type 'string'.
  Type 'undefined' is not assignable to type 'string'.
src/server.ts(6017,40): error TS2345: Argument of type 'string | string[] | undefined' is not assignable to parameter of type 'string'.
  Type 'undefined' is not assignable to type 'string'.
