src/abac-engine.ts(137,45): error TS2538: Type 'undefined' cannot be used as an index type.
