src/ontology/definition/OntologySnapshotResolver.ts(109,15): error TS2741: Property 'constraints_by_object_type' is missing in type '{ ontology_version_id: OntologyVersionId; as_of: Date; resolved_at: Date; object_types: Map<ObjectTypeDefinitionId, ObjectTypeDefinition>; ... 5 more ...; relationships_by_to_type: Map<...>; }' but required in type 'OntologySnapshot'.
