src/services/agent-compute-worker.ts(75,41): error TS2532: Object is possibly 'undefined'.
